2026-08-19 10:16:50,432 - aqt.main - INFO - installer 7524 aqtinstall(aqt) v3.3.0 on Python 3.14.7 [CPython MSC v.1944 64 bit (AMD64)]
2026-08-19 10:16:51,951 - aqt.helper - DEBUG - helper 5464 Attempt to download checksum at https://download.qt.io/online/qtsdkrepository/windows_x86/desktop/qt6_683/qt6_683/Updates.xml.sha256
2026-08-19 10:17:11,962 - aqt.helper - DEBUG - helper 6368 Attempt to download checksum at https://download.qt.io/online/qtsdkrepository/windows_x86/desktop/qt6_683/qt6_683/Updates.xml.sha256
2026-08-19 10:17:14,143 - aqt.helper - DEBUG - helper 6368 Attempt to download checksum at https://download.qt.io/online/qtsdkrepository/windows_x86/extensions/qtpdf/683/mingw/Updates.xml.sha256
2026-08-19 10:17:16,032 - aqt.helper - DEBUG - helper 6368 Attempt to download checksum at https://download.qt.io/online/qtsdkrepository/windows_x86/extensions/qtwebengine/683/mingw/Updates.xml.sha256
2026-08-19 10:17:16,986 - aqt.helper - DEBUG - helper 6368 Attempt to download checksum at https://download.qt.io/online/qtsdkrepository/windows_x86/extensions/qtwebengine/683/mingw/Updates.xml.sha256
2026-08-19 10:17:18,031 - aqt.helper - DEBUG - helper 6368 Attempt to download checksum at https://download.qt.io/online/qtsdkrepository/windows_x86/extensions/qtwebengine/683/mingw/Updates.xml.sha256
2026-08-19 10:17:19,002 - aqt.helper - DEBUG - helper 6368 Attempt to download checksum at https://download.qt.io/online/qtsdkrepository/windows_x86/extensions/qtwebengine/683/mingw/Updates.xml.sha256
2026-08-19 10:17:20,020 - aqt.helper - DEBUG - helper 6368 Attempt to download checksum at https://download.qt.io/online/qtsdkrepository/windows_x86/extensions/qtwebengine/683/mingw/Updates.xml.sha256
2026-08-19 10:17:22,493 - aqt.helper - DEBUG - helper 4324 Attempt to download checksum at https://download.qt.io/online/qtsdkrepository/windows_x86/desktop/tools_mingw/Updates.xml.sha256
2026-08-19 10:17:46,136 - aqt.helper - DEBUG - helper 10824 Attempt to download checksum at https://download.qt.io/online/qtsdkrepository/windows_x86/desktop/tools_mingw1310/Updates.xml.sha256
2026-08-19 10:17:48,240 - aqt.main - INFO - installer 6152 aqtinstall(aqt) v3.3.0 on Python 3.14.7 [CPython MSC v.1944 64 bit (AMD64)]
2026-08-19 10:17:48,241 - aqt.helper - DEBUG - helper 6152 Attempt to download checksum at https://download.qt.io/online/qtsdkrepository/windows_x86/desktop/tools_mingw1310/Updates.xml.sha256
2026-08-19 10:17:50,210 - aqt.helper - DEBUG - helper 6152 Attempt to download checksum at https://download.qt.io/online/qtsdkrepository/windows_x86/desktop/tools_mingw1310/Updates.xml.sha256
2026-08-19 10:17:52,485 - aqt.helper - DEBUG - helper 11084 Attempt to download checksum at https://download.qt.io/online/qtsdkrepository/windows_x86/desktop/tools_mingw1310/qt.tools.win64_mingw1310/13.1.0-202407240918mingw1310.7z.sha256
2026-08-19 10:17:53,462 - aqt.helper - INFO - helper 11084 Downloading qt.tools.win64_mingw1310...
2026-08-19 10:17:53,462 - aqt.installer - DEBUG - installer 11084 Download URL: https://download.qt.io/online/qtsdkrepository/windows_x86/desktop/tools_mingw1310/qt.tools.win64_mingw1310/13.1.0-202407240918mingw1310.7z
2026-08-19 10:17:54,414 - aqt.helper - DEBUG - helper 11084 Asked to redirect(302) to: https://mirror.ossplanet.net/qtproject/online/qtsdkrepository/windows_x86/desktop/tools_mingw1310/qt.tools.win64_mingw1310/13.1.0-202407240918mingw1310.7z
2026-08-19 10:17:54,414 - aqt.helper - INFO - helper 11084 Redirected: mirror.ossplanet.net
2026-08-19 10:18:24,884 - aqt.helper - WARNING - helper 11084 Connection to 'https://download.qt.io' failed. Retrying with fallback 'https://mirrors.dotsrc.org/qtproject/'.
2026-08-19 10:18:24,885 - aqt.installer - DEBUG - installer 11084 Download URL: https://mirrors.dotsrc.org/qtproject/online/qtsdkrepository/windows_x86/desktop/tools_mingw1310/qt.tools.win64_mingw1310/13.1.0-202407240918mingw1310.7z
2026-08-19 10:18:28,232 - aqt.main - INFO - installer 5356 aqtinstall(aqt) v3.3.0 on Python 3.14.7 [CPython MSC v.1944 64 bit (AMD64)]
2026-08-19 10:18:28,232 - aqt.helper - DEBUG - helper 5356 Attempt to download checksum at https://download.qt.io/online/qtsdkrepository/windows_x86/desktop/qt6_683/qt6_683/Updates.xml.sha256
2026-08-19 10:18:30,556 - aqt.helper - DEBUG - helper 5356 Attempt to download checksum at https://download.qt.io/online/qtsdkrepository/windows_x86/extensions/qtwebengine/683/mingw/Updates.xml.sha256
2026-08-19 10:18:31,511 - aqt.helper - DEBUG - helper 5356 Attempt to download checksum at https://download.qt.io/online/qtsdkrepository/windows_x86/extensions/qtwebengine/683/mingw/Updates.xml.sha256
2026-08-19 10:18:32,567 - aqt.helper - DEBUG - helper 5356 Attempt to download checksum at https://download.qt.io/online/qtsdkrepository/windows_x86/extensions/qtwebengine/683/mingw/Updates.xml.sha256
2026-08-19 10:18:33,529 - aqt.helper - DEBUG - helper 5356 Attempt to download checksum at https://download.qt.io/online/qtsdkrepository/windows_x86/extensions/qtwebengine/683/mingw/Updates.xml.sha256
2026-08-19 10:18:34,454 - aqt.helper - DEBUG - helper 5356 Attempt to download checksum at https://download.qt.io/online/qtsdkrepository/windows_x86/extensions/qtwebengine/683/mingw/Updates.xml.sha256
2026-08-19 10:18:35,457 - aqt.helper - DEBUG - helper 5356 Attempt to download checksum at https://download.qt.io/online/qtsdkrepository/windows_x86/extensions/qtpdf/683/mingw/Updates.xml.sha256
2026-08-19 10:18:37,334 - aqt.archives - INFO - archives 5356 Found extension qtpdf
2026-08-19 10:18:37,692 - aqt.helper - DEBUG - helper 1292 Attempt to download checksum at https://download.qt.io/online/qtsdkrepository/windows_x86/desktop/qt6_683/qt6_683/qt.qt6.683.addons.qtimageformats.win64_mingw/6.8.3-0-202503201308qtimageformats-Windows-Windows_10_22H2-Mingw-Windows-Windows_10_22H2-X86_64.7z.sha256
2026-08-19 10:18:37,694 - aqt.helper - DEBUG - helper 11020 Attempt to download checksum at https://download.qt.io/online/qtsdkrepository/windows_x86/desktop/qt6_683/qt6_683/qt.qt6.683.win64_mingw/6.8.3-0-202503201308qtbase-Windows-Windows_10_22H2-Mingw-Windows-Windows_10_22H2-X86_64.7z.sha256
2026-08-19 10:18:37,694 - aqt.helper - DEBUG - helper 9676 Attempt to download checksum at https://download.qt.io/online/qtsdkrepository/windows_x86/desktop/qt6_683/qt6_683/qt.qt6.683.addons.qtmultimedia.win64_mingw/6.8.3-0-202503201308qtmultimedia-Windows-Windows_10_22H2-Mingw-Windows-Windows_10_22H2-X86_64.7z.sha256
2026-08-19 10:18:37,696 - aqt.helper - DEBUG - helper 1388 Attempt to download checksum at https://download.qt.io/online/qtsdkrepository/windows_x86/desktop/qt6_683/qt6_683/qt.qt6.683.addons.qtshadertools.win64_mingw/6.8.3-0-202503201308qtshadertools-Windows-Windows_10_22H2-Mingw-Windows-Windows_10_22H2-X86_64.7z.sha256
2026-08-19 10:18:38,641 - aqt.helper - INFO - helper 1388 Downloading qtshadertools...
2026-08-19 10:18:38,641 - aqt.installer - DEBUG - installer 1388 Download URL: https://download.qt.io/online/qtsdkrepository/windows_x86/desktop/qt6_683/qt6_683/qt.qt6.683.addons.qtshadertools.win64_mingw/6.8.3-0-202503201308qtshadertools-Windows-Windows_10_22H2-Mingw-Windows-Windows_10_22H2-X86_64.7z
2026-08-19 10:18:38,650 - aqt.helper - INFO - helper 11020 Downloading qtbase...
2026-08-19 10:18:38,650 - aqt.installer - DEBUG - installer 11020 Download URL: https://download.qt.io/online/qtsdkrepository/windows_x86/desktop/qt6_683/qt6_683/qt.qt6.683.win64_mingw/6.8.3-0-202503201308qtbase-Windows-Windows_10_22H2-Mingw-Windows-Windows_10_22H2-X86_64.7z
2026-08-19 10:18:38,663 - aqt.helper - INFO - helper 1292 Downloading qtimageformats...
2026-08-19 10:18:38,663 - aqt.installer - DEBUG - installer 1292 Download URL: https://download.qt.io/online/qtsdkrepository/windows_x86/desktop/qt6_683/qt6_683/qt.qt6.683.addons.qtimageformats.win64_mingw/6.8.3-0-202503201308qtimageformats-Windows-Windows_10_22H2-Mingw-Windows-Windows_10_22H2-X86_64.7z
2026-08-19 10:18:38,749 - aqt.helper - INFO - helper 9676 Downloading qtmultimedia...
2026-08-19 10:18:38,750 - aqt.installer - DEBUG - installer 9676 Download URL: https://download.qt.io/online/qtsdkrepository/windows_x86/desktop/qt6_683/qt6_683/qt.qt6.683.addons.qtmultimedia.win64_mingw/6.8.3-0-202503201308qtmultimedia-Windows-Windows_10_22H2-Mingw-Windows-Windows_10_22H2-X86_64.7z
2026-08-19 10:18:39,606 - aqt.helper - DEBUG - helper 11020 Asked to redirect(302) to: https://ftp.jaist.ac.jp/pub/qtproject/online/qtsdkrepository/windows_x86/desktop/qt6_683/qt6_683/qt.qt6.683.win64_mingw/6.8.3-0-202503201308qtbase-Windows-Windows_10_22H2-Mingw-Windows-Windows_10_22H2-X86_64.7z
2026-08-19 10:18:39,606 - aqt.helper - INFO - helper 11020 Redirected: ftp.jaist.ac.jp
2026-08-19 10:18:39,626 - aqt.helper - DEBUG - helper 1388 Asked to redirect(302) to: https://ftp.jaist.ac.jp/pub/qtproject/online/qtsdkrepository/windows_x86/desktop/qt6_683/qt6_683/qt.qt6.683.addons.qtshadertools.win64_mingw/6.8.3-0-202503201308qtshadertools-Windows-Windows_10_22H2-Mingw-Windows-Windows_10_22H2-X86_64.7z
2026-08-19 10:18:39,626 - aqt.helper - INFO - helper 1388 Redirected: ftp.jaist.ac.jp
2026-08-19 10:18:39,710 - aqt.helper - DEBUG - helper 1292 Asked to redirect(302) to: https://ftp.jaist.ac.jp/pub/qtproject/online/qtsdkrepository/windows_x86/desktop/qt6_683/qt6_683/qt.qt6.683.addons.qtimageformats.win64_mingw/6.8.3-0-202503201308qtimageformats-Windows-Windows_10_22H2-Mingw-Windows-Windows_10_22H2-X86_64.7z
2026-08-19 10:18:39,710 - aqt.helper - INFO - helper 1292 Redirected: ftp.jaist.ac.jp
2026-08-19 10:18:39,716 - aqt.helper - DEBUG - helper 9676 Asked to redirect(302) to: https://ftp.jaist.ac.jp/pub/qtproject/online/qtsdkrepository/windows_x86/desktop/qt6_683/qt6_683/qt.qt6.683.addons.qtmultimedia.win64_mingw/6.8.3-0-202503201308qtmultimedia-Windows-Windows_10_22H2-Mingw-Windows-Windows_10_22H2-X86_64.7z
2026-08-19 10:18:39,716 - aqt.helper - INFO - helper 9676 Redirected: ftp.jaist.ac.jp
2026-08-19 10:18:40,924 - aqt.installer - INFO - installer 1292 Finished installation of qtimageformats-Windows-Windows_10_22H2-Mingw-Windows-Windows_10_22H2-X86_64.7z in 3.23366130
2026-08-19 10:18:40,937 - aqt.helper - DEBUG - helper 1292 Attempt to download checksum at https://download.qt.io/online/qtsdkrepository/windows_x86/desktop/qt6_683/qt6_683/qt.qt6.683.win64_mingw/6.8.3-0-202503201308qtsvg-Windows-Windows_10_22H2-Mingw-Windows-Windows_10_22H2-X86_64.7z.sha256
2026-08-19 10:18:41,389 - aqt.installer - INFO - installer 1388 Finished installation of qtshadertools-Windows-Windows_10_22H2-Mingw-Windows-Windows_10_22H2-X86_64.7z in 3.69479490
2026-08-19 10:18:41,400 - aqt.helper - DEBUG - helper 1388 Attempt to download checksum at https://download.qt.io/online/qtsdkrepository/windows_x86/desktop/qt6_683/qt6_683/qt.qt6.683.win64_mingw/6.8.3-0-202503201308qtdeclarative-Windows-Windows_10_22H2-Mingw-Windows-Windows_10_22H2-X86_64.7z.sha256
2026-08-19 10:18:41,901 - aqt.helper - INFO - helper 1292 Downloading qtsvg...
2026-08-19 10:18:41,901 - aqt.installer - DEBUG - installer 1292 Download URL: https://download.qt.io/online/qtsdkrepository/windows_x86/desktop/qt6_683/qt6_683/qt.qt6.683.win64_mingw/6.8.3-0-202503201308qtsvg-Windows-Windows_10_22H2-Mingw-Windows-Windows_10_22H2-X86_64.7z
2026-08-19 10:18:42,357 - aqt.helper - INFO - helper 1388 Downloading qtdeclarative...
2026-08-19 10:18:42,357 - aqt.installer - DEBUG - installer 1388 Download URL: https://download.qt.io/online/qtsdkrepository/windows_x86/desktop/qt6_683/qt6_683/qt.qt6.683.win64_mingw/6.8.3-0-202503201308qtdeclarative-Windows-Windows_10_22H2-Mingw-Windows-Windows_10_22H2-X86_64.7z
2026-08-19 10:18:42,877 - aqt.helper - DEBUG - helper 1292 Asked to redirect(302) to: https://ftp.jaist.ac.jp/pub/qtproject/online/qtsdkrepository/windows_x86/desktop/qt6_683/qt6_683/qt.qt6.683.win64_mingw/6.8.3-0-202503201308qtsvg-Windows-Windows_10_22H2-Mingw-Windows-Windows_10_22H2-X86_64.7z
2026-08-19 10:18:42,877 - aqt.helper - INFO - helper 1292 Redirected: ftp.jaist.ac.jp
2026-08-19 10:18:43,416 - aqt.helper - DEBUG - helper 1388 Asked to redirect(302) to: https://ftp.jaist.ac.jp/pub/qtproject/online/qtsdkrepository/windows_x86/desktop/qt6_683/qt6_683/qt.qt6.683.win64_mingw/6.8.3-0-202503201308qtdeclarative-Windows-Windows_10_22H2-Mingw-Windows-Windows_10_22H2-X86_64.7z
2026-08-19 10:18:43,416 - aqt.helper - INFO - helper 1388 Redirected: ftp.jaist.ac.jp
2026-08-19 10:18:43,940 - aqt.installer - INFO - installer 1292 Finished installation of qtsvg-Windows-Windows_10_22H2-Mingw-Windows-Windows_10_22H2-X86_64.7z in 3.00492690
2026-08-19 10:18:43,952 - aqt.helper - DEBUG - helper 1292 Attempt to download checksum at https://download.qt.io/online/qtsdkrepository/windows_x86/desktop/qt6_683/qt6_683/qt.qt6.683.win64_mingw/6.8.3-0-202503201308qttools-Windows-Windows_10_22H2-Mingw-Windows-Windows_10_22H2-X86_64.7z.sha256
2026-08-19 10:18:44,922 - aqt.helper - INFO - helper 1292 Downloading qttools...
2026-08-19 10:18:44,922 - aqt.installer - DEBUG - installer 1292 Download URL: https://download.qt.io/online/qtsdkrepository/windows_x86/desktop/qt6_683/qt6_683/qt.qt6.683.win64_mingw/6.8.3-0-202503201308qttools-Windows-Windows_10_22H2-Mingw-Windows-Windows_10_22H2-X86_64.7z
2026-08-19 10:18:45,893 - aqt.helper - DEBUG - helper 1292 Asked to redirect(302) to: https://ftp.jaist.ac.jp/pub/qtproject/online/qtsdkrepository/windows_x86/desktop/qt6_683/qt6_683/qt.qt6.683.win64_mingw/6.8.3-0-202503201308qttools-Windows-Windows_10_22H2-Mingw-Windows-Windows_10_22H2-X86_64.7z
2026-08-19 10:18:45,894 - aqt.helper - INFO - helper 1292 Redirected: ftp.jaist.ac.jp
2026-08-19 10:18:46,431 - aqt.installer - INFO - installer 9676 Finished installation of qtmultimedia-Windows-Windows_10_22H2-Mingw-Windows-Windows_10_22H2-X86_64.7z in 8.73894130
2026-08-19 10:18:48,473 - aqt.installer - INFO - installer 11020 Finished installation of qtbase-Windows-Windows_10_22H2-Mingw-Windows-Windows_10_22H2-X86_64.7z in 10.78087210
2026-08-19 10:18:59,703 - aqt.installer - INFO - installer 11084 Finished installation of mingw1310.7z in 67.22077220
2026-08-19 10:18:59,867 - aqt.main - INFO - installer 6152 Finished installation
2026-08-19 10:18:59,867 - aqt.main - INFO - installer 6152 Time elapsed: 71.62687490 second
2026-08-19 10:19:00,275 - aqt.installer - INFO - installer 1292 Finished installation of qttools-Windows-Windows_10_22H2-Mingw-Windows-Windows_10_22H2-X86_64.7z in 16.32542770
2026-08-19 10:19:07,948 - aqt.installer - INFO - installer 1388 Finished installation of qtdeclarative-Windows-Windows_10_22H2-Mingw-Windows-Windows_10_22H2-X86_64.7z in 26.54950670
2026-08-19 10:19:08,107 - aqt.updater - INFO - updater 5356 Patching C:\Qt\6.8.3\mingw_64\lib\pkgconfig\Qt6Concurrent.pc
2026-08-19 10:19:08,107 - aqt.updater - INFO - updater 5356 Patching C:\Qt\6.8.3\mingw_64\lib\pkgconfig\Qt6Core.pc
2026-08-19 10:19:08,108 - aqt.updater - INFO - updater 5356 Patching C:\Qt\6.8.3\mingw_64\lib\pkgconfig\Qt6DBus.pc
2026-08-19 10:19:08,108 - aqt.updater - INFO - updater 5356 Patching C:\Qt\6.8.3\mingw_64\lib\pkgconfig\Qt6Designer.pc
2026-08-19 10:19:08,108 - aqt.updater - INFO - updater 5356 Patching C:\Qt\6.8.3\mingw_64\lib\pkgconfig\Qt6Gui.pc
2026-08-19 10:19:08,109 - aqt.updater - INFO - updater 5356 Patching C:\Qt\6.8.3\mingw_64\lib\pkgconfig\Qt6Help.pc
2026-08-19 10:19:08,109 - aqt.updater - INFO - updater 5356 Patching C:\Qt\6.8.3\mingw_64\lib\pkgconfig\Qt6LabsAnimation.pc
2026-08-19 10:19:08,109 - aqt.updater - INFO - updater 5356 Patching C:\Qt\6.8.3\mingw_64\lib\pkgconfig\Qt6LabsFolderListModel.pc
2026-08-19 10:19:08,110 - aqt.updater - INFO - updater 5356 Patching C:\Qt\6.8.3\mingw_64\lib\pkgconfig\Qt6LabsPlatform.pc
2026-08-19 10:19:08,110 - aqt.updater - INFO - updater 5356 Patching C:\Qt\6.8.3\mingw_64\lib\pkgconfig\Qt6LabsQmlModels.pc
2026-08-19 10:19:08,110 - aqt.updater - INFO - updater 5356 Patching C:\Qt\6.8.3\mingw_64\lib\pkgconfig\Qt6LabsSettings.pc
2026-08-19 10:19:08,111 - aqt.updater - INFO - updater 5356 Patching C:\Qt\6.8.3\mingw_64\lib\pkgconfig\Qt6LabsSharedImage.pc
2026-08-19 10:19:08,111 - aqt.updater - INFO - updater 5356 Patching C:\Qt\6.8.3\mingw_64\lib\pkgconfig\Qt6LabsWavefrontMesh.pc
2026-08-19 10:19:08,111 - aqt.updater - INFO - updater 5356 Patching C:\Qt\6.8.3\mingw_64\lib\pkgconfig\Qt6Linguist.pc
2026-08-19 10:19:08,111 - aqt.updater - INFO - updater 5356 Patching C:\Qt\6.8.3\mingw_64\lib\pkgconfig\Qt6Multimedia.pc
2026-08-19 10:19:08,112 - aqt.updater - INFO - updater 5356 Patching C:\Qt\6.8.3\mingw_64\lib\pkgconfig\Qt6MultimediaWidgets.pc
2026-08-19 10:19:08,112 - aqt.updater - INFO - updater 5356 Patching C:\Qt\6.8.3\mingw_64\lib\pkgconfig\Qt6Network.pc
2026-08-19 10:19:08,112 - aqt.updater - INFO - updater 5356 Patching C:\Qt\6.8.3\mingw_64\lib\pkgconfig\Qt6OpenGL.pc
2026-08-19 10:19:08,113 - aqt.updater - INFO - updater 5356 Patching C:\Qt\6.8.3\mingw_64\lib\pkgconfig\Qt6OpenGLWidgets.pc
2026-08-19 10:19:08,113 - aqt.updater - INFO - updater 5356 Patching C:\Qt\6.8.3\mingw_64\lib\pkgconfig\Qt6Platform.pc
2026-08-19 10:19:08,113 - aqt.updater - INFO - updater 5356 Patching C:\Qt\6.8.3\mingw_64\lib\pkgconfig\Qt6PrintSupport.pc
2026-08-19 10:19:08,114 - aqt.updater - INFO - updater 5356 Patching C:\Qt\6.8.3\mingw_64\lib\pkgconfig\Qt6Qml.pc
2026-08-19 10:19:08,114 - aqt.updater - INFO - updater 5356 Patching C:\Qt\6.8.3\mingw_64\lib\pkgconfig\Qt6QmlAssetDownloader.pc
2026-08-19 10:19:08,114 - aqt.updater - INFO - updater 5356 Patching C:\Qt\6.8.3\mingw_64\lib\pkgconfig\Qt6QmlCompiler.pc
2026-08-19 10:19:08,114 - aqt.updater - INFO - updater 5356 Patching C:\Qt\6.8.3\mingw_64\lib\pkgconfig\Qt6QmlCore.pc
2026-08-19 10:19:08,115 - aqt.updater - INFO - updater 5356 Patching C:\Qt\6.8.3\mingw_64\lib\pkgconfig\Qt6QmlIntegration.pc
2026-08-19 10:19:08,115 - aqt.updater - INFO - updater 5356 Patching C:\Qt\6.8.3\mingw_64\lib\pkgconfig\Qt6QmlLocalStorage.pc
2026-08-19 10:19:08,115 - aqt.updater - INFO - updater 5356 Patching C:\Qt\6.8.3\mingw_64\lib\pkgconfig\Qt6QmlMeta.pc
2026-08-19 10:19:08,116 - aqt.updater - INFO - updater 5356 Patching C:\Qt\6.8.3\mingw_64\lib\pkgconfig\Qt6QmlModels.pc
2026-08-19 10:19:08,116 - aqt.updater - INFO - updater 5356 Patching C:\Qt\6.8.3\mingw_64\lib\pkgconfig\Qt6QmlNetwork.pc
2026-08-19 10:19:08,116 - aqt.updater - INFO - updater 5356 Patching C:\Qt\6.8.3\mingw_64\lib\pkgconfig\Qt6QmlWorkerScript.pc
2026-08-19 10:19:08,117 - aqt.updater - INFO - updater 5356 Patching C:\Qt\6.8.3\mingw_64\lib\pkgconfig\Qt6QmlXmlListModel.pc
2026-08-19 10:19:08,117 - aqt.updater - INFO - updater 5356 Patching C:\Qt\6.8.3\mingw_64\lib\pkgconfig\Qt6Quick.pc
2026-08-19 10:19:08,117 - aqt.updater - INFO - updater 5356 Patching C:\Qt\6.8.3\mingw_64\lib\pkgconfig\Qt6QuickControls2.pc
2026-08-19 10:19:08,117 - aqt.updater - INFO - updater 5356 Patching C:\Qt\6.8.3\mingw_64\lib\pkgconfig\Qt6QuickControls2Basic.pc
2026-08-19 10:19:08,118 - aqt.updater - INFO - updater 5356 Patching C:\Qt\6.8.3\mingw_64\lib\pkgconfig\Qt6QuickControls2BasicStyleImpl.pc
2026-08-19 10:19:08,118 - aqt.updater - INFO - updater 5356 Patching C:\Qt\6.8.3\mingw_64\lib\pkgconfig\Qt6QuickControls2FluentWinUI3StyleImpl.pc
2026-08-19 10:19:08,119 - aqt.updater - INFO - updater 5356 Patching C:\Qt\6.8.3\mingw_64\lib\pkgconfig\Qt6QuickControls2Fusion.pc
2026-08-19 10:19:08,119 - aqt.updater - INFO - updater 5356 Patching C:\Qt\6.8.3\mingw_64\lib\pkgconfig\Qt6QuickControls2FusionStyleImpl.pc
2026-08-19 10:19:08,119 - aqt.updater - INFO - updater 5356 Patching C:\Qt\6.8.3\mingw_64\lib\pkgconfig\Qt6QuickControls2Imagine.pc
2026-08-19 10:19:08,120 - aqt.updater - INFO - updater 5356 Patching C:\Qt\6.8.3\mingw_64\lib\pkgconfig\Qt6QuickControls2ImagineStyleImpl.pc
2026-08-19 10:19:08,120 - aqt.updater - INFO - updater 5356 Patching C:\Qt\6.8.3\mingw_64\lib\pkgconfig\Qt6QuickControls2Impl.pc
2026-08-19 10:19:08,120 - aqt.updater - INFO - updater 5356 Patching C:\Qt\6.8.3\mingw_64\lib\pkgconfig\Qt6QuickControls2Material.pc
2026-08-19 10:19:08,121 - aqt.updater - INFO - updater 5356 Patching C:\Qt\6.8.3\mingw_64\lib\pkgconfig\Qt6QuickControls2MaterialStyleImpl.pc
2026-08-19 10:19:08,121 - aqt.updater - INFO - updater 5356 Patching C:\Qt\6.8.3\mingw_64\lib\pkgconfig\Qt6QuickControls2Universal.pc
2026-08-19 10:19:08,121 - aqt.updater - INFO - updater 5356 Patching C:\Qt\6.8.3\mingw_64\lib\pkgconfig\Qt6QuickControls2UniversalStyleImpl.pc
2026-08-19 10:19:08,121 - aqt.updater - INFO - updater 5356 Patching C:\Qt\6.8.3\mingw_64\lib\pkgconfig\Qt6QuickControls2WindowsStyleImpl.pc
2026-08-19 10:19:08,122 - aqt.updater - INFO - updater 5356 Patching C:\Qt\6.8.3\mingw_64\lib\pkgconfig\Qt6QuickDialogs2.pc
2026-08-19 10:19:08,122 - aqt.updater - INFO - updater 5356 Patching C:\Qt\6.8.3\mingw_64\lib\pkgconfig\Qt6QuickDialogs2QuickImpl.pc
2026-08-19 10:19:08,122 - aqt.updater - INFO - updater 5356 Patching C:\Qt\6.8.3\mingw_64\lib\pkgconfig\Qt6QuickDialogs2Utils.pc
2026-08-19 10:19:08,123 - aqt.updater - INFO - updater 5356 Patching C:\Qt\6.8.3\mingw_64\lib\pkgconfig\Qt6QuickLayouts.pc
2026-08-19 10:19:08,123 - aqt.updater - INFO - updater 5356 Patching C:\Qt\6.8.3\mingw_64\lib\pkgconfig\Qt6QuickTemplates2.pc
2026-08-19 10:19:08,123 - aqt.updater - INFO - updater 5356 Patching C:\Qt\6.8.3\mingw_64\lib\pkgconfig\Qt6QuickTest.pc
2026-08-19 10:19:08,124 - aqt.updater - INFO - updater 5356 Patching C:\Qt\6.8.3\mingw_64\lib\pkgconfig\Qt6QuickVectorImage.pc
2026-08-19 10:19:08,124 - aqt.updater - INFO - updater 5356 Patching C:\Qt\6.8.3\mingw_64\lib\pkgconfig\Qt6QuickWidgets.pc
2026-08-19 10:19:08,124 - aqt.updater - INFO - updater 5356 Patching C:\Qt\6.8.3\mingw_64\lib\pkgconfig\Qt6ShaderTools.pc
2026-08-19 10:19:08,124 - aqt.updater - INFO - updater 5356 Patching C:\Qt\6.8.3\mingw_64\lib\pkgconfig\Qt6SpatialAudio.pc
2026-08-19 10:19:08,125 - aqt.updater - INFO - updater 5356 Patching C:\Qt\6.8.3\mingw_64\lib\pkgconfig\Qt6Sql.pc
2026-08-19 10:19:08,125 - aqt.updater - INFO - updater 5356 Patching C:\Qt\6.8.3\mingw_64\lib\pkgconfig\Qt6Svg.pc
2026-08-19 10:19:08,125 - aqt.updater - INFO - updater 5356 Patching C:\Qt\6.8.3\mingw_64\lib\pkgconfig\Qt6SvgWidgets.pc
2026-08-19 10:19:08,126 - aqt.updater - INFO - updater 5356 Patching C:\Qt\6.8.3\mingw_64\lib\pkgconfig\Qt6Test.pc
2026-08-19 10:19:08,126 - aqt.updater - INFO - updater 5356 Patching C:\Qt\6.8.3\mingw_64\lib\pkgconfig\Qt6UiPlugin.pc
2026-08-19 10:19:08,126 - aqt.updater - INFO - updater 5356 Patching C:\Qt\6.8.3\mingw_64\lib\pkgconfig\Qt6UiTools.pc
2026-08-19 10:19:08,127 - aqt.updater - INFO - updater 5356 Patching C:\Qt\6.8.3\mingw_64\lib\pkgconfig\Qt6Widgets.pc
2026-08-19 10:19:08,127 - aqt.updater - INFO - updater 5356 Patching C:\Qt\6.8.3\mingw_64\lib\pkgconfig\Qt6Xml.pc
2026-08-19 10:19:08,129 - aqt.updater - INFO - updater 5356 Patching C:\Qt\6.8.3\mingw_64\lib\Qt6Concurrent.prl
2026-08-19 10:19:08,130 - aqt.updater - INFO - updater 5356 Patching C:\Qt\6.8.3\mingw_64\lib\Qt6Core.prl
2026-08-19 10:19:08,130 - aqt.updater - INFO - updater 5356 Patching C:\Qt\6.8.3\mingw_64\lib\Qt6DBus.prl
2026-08-19 10:19:08,131 - aqt.updater - INFO - updater 5356 Patching C:\Qt\6.8.3\mingw_64\lib\Qt6Designer.prl
2026-08-19 10:19:08,131 - aqt.updater - INFO - updater 5356 Patching C:\Qt\6.8.3\mingw_64\lib\Qt6DesignerComponents.prl
2026-08-19 10:19:08,132 - aqt.updater - INFO - updater 5356 Patching C:\Qt\6.8.3\mingw_64\lib\Qt6DeviceDiscoverySupport.prl
2026-08-19 10:19:08,132 - aqt.updater - INFO - updater 5356 Patching C:\Qt\6.8.3\mingw_64\lib\Qt6EntryPoint.prl
2026-08-19 10:19:08,133 - aqt.updater - INFO - updater 5356 Patching C:\Qt\6.8.3\mingw_64\lib\Qt6ExampleIcons.prl
2026-08-19 10:19:08,133 - aqt.updater - INFO - updater 5356 Patching C:\Qt\6.8.3\mingw_64\lib\Qt6ExamplesAssetDownloader.prl
2026-08-19 10:19:08,133 - aqt.updater - INFO - updater 5356 Patching C:\Qt\6.8.3\mingw_64\lib\Qt6FbSupport.prl
2026-08-19 10:19:08,134 - aqt.updater - INFO - updater 5356 Patching C:\Qt\6.8.3\mingw_64\lib\Qt6FFmpegMediaPluginImpl.prl
2026-08-19 10:19:08,135 - aqt.updater - INFO - updater 5356 Patching C:\Qt\6.8.3\mingw_64\lib\Qt6Gui.prl
2026-08-19 10:19:08,135 - aqt.updater - INFO - updater 5356 Patching C:\Qt\6.8.3\mingw_64\lib\Qt6Help.prl
2026-08-19 10:19:08,136 - aqt.updater - INFO - updater 5356 Patching C:\Qt\6.8.3\mingw_64\lib\Qt6LabsAnimation.prl
2026-08-19 10:19:08,136 - aqt.updater - INFO - updater 5356 Patching C:\Qt\6.8.3\mingw_64\lib\Qt6LabsFolderListModel.prl
2026-08-19 10:19:08,136 - aqt.updater - INFO - updater 5356 Patching C:\Qt\6.8.3\mingw_64\lib\Qt6LabsPlatform.prl
2026-08-19 10:19:08,137 - aqt.updater - INFO - updater 5356 Patching C:\Qt\6.8.3\mingw_64\lib\Qt6LabsQmlModels.prl
2026-08-19 10:19:08,137 - aqt.updater - INFO - updater 5356 Patching C:\Qt\6.8.3\mingw_64\lib\Qt6LabsSettings.prl
2026-08-19 10:19:08,137 - aqt.updater - INFO - updater 5356 Patching C:\Qt\6.8.3\mingw_64\lib\Qt6LabsSharedImage.prl
2026-08-19 10:19:08,138 - aqt.updater - INFO - updater 5356 Patching C:\Qt\6.8.3\mingw_64\lib\Qt6LabsWavefrontMesh.prl
2026-08-19 10:19:08,138 - aqt.updater - INFO - updater 5356 Patching C:\Qt\6.8.3\mingw_64\lib\Qt6Multimedia.prl
2026-08-19 10:19:08,138 - aqt.updater - INFO - updater 5356 Patching C:\Qt\6.8.3\mingw_64\lib\Qt6MultimediaQuick.prl
2026-08-19 10:19:08,139 - aqt.updater - INFO - updater 5356 Patching C:\Qt\6.8.3\mingw_64\lib\Qt6MultimediaTestLib.prl
2026-08-19 10:19:08,139 - aqt.updater - INFO - updater 5356 Patching C:\Qt\6.8.3\mingw_64\lib\Qt6MultimediaWidgets.prl
2026-08-19 10:19:08,139 - aqt.updater - INFO - updater 5356 Patching C:\Qt\6.8.3\mingw_64\lib\Qt6Network.prl
2026-08-19 10:19:08,140 - aqt.updater - INFO - updater 5356 Patching C:\Qt\6.8.3\mingw_64\lib\Qt6OpenGL.prl
2026-08-19 10:19:08,140 - aqt.updater - INFO - updater 5356 Patching C:\Qt\6.8.3\mingw_64\lib\Qt6OpenGLWidgets.prl
2026-08-19 10:19:08,140 - aqt.updater - INFO - updater 5356 Patching C:\Qt\6.8.3\mingw_64\lib\Qt6PacketProtocol.prl
2026-08-19 10:19:08,141 - aqt.updater - INFO - updater 5356 Patching C:\Qt\6.8.3\mingw_64\lib\Qt6PrintSupport.prl
2026-08-19 10:19:08,141 - aqt.updater - INFO - updater 5356 Patching C:\Qt\6.8.3\mingw_64\lib\Qt6Qml.prl
2026-08-19 10:19:08,141 - aqt.updater - INFO - updater 5356 Patching C:\Qt\6.8.3\mingw_64\lib\Qt6QmlAssetDownloader.prl
2026-08-19 10:19:08,142 - aqt.updater - INFO - updater 5356 Patching C:\Qt\6.8.3\mingw_64\lib\Qt6QmlCompiler.prl
2026-08-19 10:19:08,142 - aqt.updater - INFO - updater 5356 Patching C:\Qt\6.8.3\mingw_64\lib\Qt6QmlCore.prl
2026-08-19 10:19:08,142 - aqt.updater - INFO - updater 5356 Patching C:\Qt\6.8.3\mingw_64\lib\Qt6QmlDebug.prl
2026-08-19 10:19:08,142 - aqt.updater - INFO - updater 5356 Patching C:\Qt\6.8.3\mingw_64\lib\Qt6QmlDom.prl
2026-08-19 10:19:08,143 - aqt.updater - INFO - updater 5356 Patching C:\Qt\6.8.3\mingw_64\lib\Qt6QmlLocalStorage.prl
2026-08-19 10:19:08,143 - aqt.updater - INFO - updater 5356 Patching C:\Qt\6.8.3\mingw_64\lib\Qt6QmlLS.prl
2026-08-19 10:19:08,144 - aqt.updater - INFO - updater 5356 Patching C:\Qt\6.8.3\mingw_64\lib\Qt6QmlMeta.prl
2026-08-19 10:19:08,144 - aqt.updater - INFO - updater 5356 Patching C:\Qt\6.8.3\mingw_64\lib\Qt6QmlModels.prl
2026-08-19 10:19:08,144 - aqt.updater - INFO - updater 5356 Patching C:\Qt\6.8.3\mingw_64\lib\Qt6QmlNetwork.prl
2026-08-19 10:19:08,145 - aqt.updater - INFO - updater 5356 Patching C:\Qt\6.8.3\mingw_64\lib\Qt6QmlToolingSettings.prl
2026-08-19 10:19:08,145 - aqt.updater - INFO - updater 5356 Patching C:\Qt\6.8.3\mingw_64\lib\Qt6QmlTypeRegistrar.prl
2026-08-19 10:19:08,145 - aqt.updater - INFO - updater 5356 Patching C:\Qt\6.8.3\mingw_64\lib\Qt6QmlWorkerScript.prl
2026-08-19 10:19:08,145 - aqt.updater - INFO - updater 5356 Patching C:\Qt\6.8.3\mingw_64\lib\Qt6QmlXmlListModel.prl
2026-08-19 10:19:08,146 - aqt.updater - INFO - updater 5356 Patching C:\Qt\6.8.3\mingw_64\lib\Qt6Quick.prl
2026-08-19 10:19:08,146 - aqt.updater - INFO - updater 5356 Patching C:\Qt\6.8.3\mingw_64\lib\Qt6Quick3DSpatialAudio.prl
2026-08-19 10:19:08,146 - aqt.updater - INFO - updater 5356 Patching C:\Qt\6.8.3\mingw_64\lib\Qt6QuickControls2.prl
2026-08-19 10:19:08,147 - aqt.updater - INFO - updater 5356 Patching C:\Qt\6.8.3\mingw_64\lib\Qt6QuickControls2Basic.prl
2026-08-19 10:19:08,147 - aqt.updater - INFO - updater 5356 Patching C:\Qt\6.8.3\mingw_64\lib\Qt6QuickControls2BasicStyleImpl.prl
2026-08-19 10:19:08,147 - aqt.updater - INFO - updater 5356 Patching C:\Qt\6.8.3\mingw_64\lib\Qt6QuickControls2FluentWinUI3StyleImpl.prl
2026-08-19 10:19:08,148 - aqt.updater - INFO - updater 5356 Patching C:\Qt\6.8.3\mingw_64\lib\Qt6QuickControls2Fusion.prl
2026-08-19 10:19:08,148 - aqt.updater - INFO - updater 5356 Patching C:\Qt\6.8.3\mingw_64\lib\Qt6QuickControls2FusionStyleImpl.prl
2026-08-19 10:19:08,148 - aqt.updater - INFO - updater 5356 Patching C:\Qt\6.8.3\mingw_64\lib\Qt6QuickControls2Imagine.prl
2026-08-19 10:19:08,149 - aqt.updater - INFO - updater 5356 Patching C:\Qt\6.8.3\mingw_64\lib\Qt6QuickControls2ImagineStyleImpl.prl
2026-08-19 10:19:08,149 - aqt.updater - INFO - updater 5356 Patching C:\Qt\6.8.3\mingw_64\lib\Qt6QuickControls2Impl.prl
2026-08-19 10:19:08,149 - aqt.updater - INFO - updater 5356 Patching C:\Qt\6.8.3\mingw_64\lib\Qt6QuickControls2Material.prl
2026-08-19 10:19:08,150 - aqt.updater - INFO - updater 5356 Patching C:\Qt\6.8.3\mingw_64\lib\Qt6QuickControls2MaterialStyleImpl.prl
2026-08-19 10:19:08,150 - aqt.updater - INFO - updater 5356 Patching C:\Qt\6.8.3\mingw_64\lib\Qt6QuickControls2Universal.prl
2026-08-19 10:19:08,151 - aqt.updater - INFO - updater 5356 Patching C:\Qt\6.8.3\mingw_64\lib\Qt6QuickControls2UniversalStyleImpl.prl
2026-08-19 10:19:08,151 - aqt.updater - INFO - updater 5356 Patching C:\Qt\6.8.3\mingw_64\lib\Qt6QuickControls2WindowsStyleImpl.prl
2026-08-19 10:19:08,152 - aqt.updater - INFO - updater 5356 Patching C:\Qt\6.8.3\mingw_64\lib\Qt6QuickControlsTestUtils.prl
2026-08-19 10:19:08,153 - aqt.updater - INFO - updater 5356 Patching C:\Qt\6.8.3\mingw_64\lib\Qt6QuickDialogs2.prl
2026-08-19 10:19:08,153 - aqt.updater - INFO - updater 5356 Patching C:\Qt\6.8.3\mingw_64\lib\Qt6QuickDialogs2QuickImpl.prl
2026-08-19 10:19:08,153 - aqt.updater - INFO - updater 5356 Patching C:\Qt\6.8.3\mingw_64\lib\Qt6QuickDialogs2Utils.prl
2026-08-19 10:19:08,154 - aqt.updater - INFO - updater 5356 Patching C:\Qt\6.8.3\mingw_64\lib\Qt6QuickEffects.prl
2026-08-19 10:19:08,154 - aqt.updater - INFO - updater 5356 Patching C:\Qt\6.8.3\mingw_64\lib\Qt6QuickLayouts.prl
2026-08-19 10:19:08,154 - aqt.updater - INFO - updater 5356 Patching C:\Qt\6.8.3\mingw_64\lib\Qt6QuickParticles.prl
2026-08-19 10:19:08,155 - aqt.updater - INFO - updater 5356 Patching C:\Qt\6.8.3\mingw_64\lib\Qt6QuickShapes.prl
2026-08-19 10:19:08,155 - aqt.updater - INFO - updater 5356 Patching C:\Qt\6.8.3\mingw_64\lib\Qt6QuickTemplates2.prl
2026-08-19 10:19:08,155 - aqt.updater - INFO - updater 5356 Patching C:\Qt\6.8.3\mingw_64\lib\Qt6QuickTest.prl
2026-08-19 10:19:08,156 - aqt.updater - INFO - updater 5356 Patching C:\Qt\6.8.3\mingw_64\lib\Qt6QuickTestUtils.prl
2026-08-19 10:19:08,156 - aqt.updater - INFO - updater 5356 Patching C:\Qt\6.8.3\mingw_64\lib\Qt6QuickVectorImage.prl
2026-08-19 10:19:08,156 - aqt.updater - INFO - updater 5356 Patching C:\Qt\6.8.3\mingw_64\lib\Qt6QuickVectorImageGenerator.prl
2026-08-19 10:19:08,157 - aqt.updater - INFO - updater 5356 Patching C:\Qt\6.8.3\mingw_64\lib\Qt6QuickWidgets.prl
2026-08-19 10:19:08,157 - aqt.updater - INFO - updater 5356 Patching C:\Qt\6.8.3\mingw_64\lib\Qt6ShaderTools.prl
2026-08-19 10:19:08,157 - aqt.updater - INFO - updater 5356 Patching C:\Qt\6.8.3\mingw_64\lib\Qt6SpatialAudio.prl
2026-08-19 10:19:08,158 - aqt.updater - INFO - updater 5356 Patching C:\Qt\6.8.3\mingw_64\lib\Qt6Sql.prl
2026-08-19 10:19:08,158 - aqt.updater - INFO - updater 5356 Patching C:\Qt\6.8.3\mingw_64\lib\Qt6Svg.prl
2026-08-19 10:19:08,158 - aqt.updater - INFO - updater 5356 Patching C:\Qt\6.8.3\mingw_64\lib\Qt6SvgWidgets.prl
2026-08-19 10:19:08,159 - aqt.updater - INFO - updater 5356 Patching C:\Qt\6.8.3\mingw_64\lib\Qt6Test.prl
2026-08-19 10:19:08,159 - aqt.updater - INFO - updater 5356 Patching C:\Qt\6.8.3\mingw_64\lib\Qt6UiTools.prl
2026-08-19 10:19:08,159 - aqt.updater - INFO - updater 5356 Patching C:\Qt\6.8.3\mingw_64\lib\Qt6Widgets.prl
2026-08-19 10:19:08,160 - aqt.updater - INFO - updater 5356 Patching C:\Qt\6.8.3\mingw_64\lib\Qt6Xml.prl
2026-08-19 10:19:08,160 - aqt.main - INFO - installer 5356 Finished installation
2026-08-19 10:19:08,160 - aqt.main - INFO - installer 5356 Time elapsed: 39.92836380 second
